     1                                  ; WILLEM WILCOX
     2                                  ; Program 2 - Adding Integers
     3                                  ; 9/16/23
     4                                  ; How did Chris Sawyer make Roller Coaster Tycoon in assembly? That man is a monster
     5                                  
     6                                  SECTION .data
     7                                  ; define data/variables here.  Think DB, DW, DD, DQ
     8                                  
     9                                  SECTION .bss
    10                                  ; define uninitialized data here
    11                                  
    12                                  SECTION .text
    13                                  global _main
    14                                  _main:
    15                                  
    16                                  ; put your code here.
    17                                  
    18 00000000 66B8BACD                mov AX,0CDBAh
    19 00000004 66BBABCD                mov BX,0CDABh
    20 00000008 6601D8                  add AX, BX
    21                                  
    22 0000000B 66B8CDAB                mov AX,0ABCDh
    23 0000000F 66BBCDAB                mov BX,0ABCDh
    24 00000013 6601D8                  add AX, BX
    25                                  
    26 00000016 66B8FAFA                mov AX,0FAFAh
    27 0000001A 66BB0505                mov BX,00505h
    28 0000001E 6601D8                  add AX, BX
    29                                  
    30 00000021 66B8F0F0                mov AX,0F0F0h
    31 00000025 66BB00FF                mov BX,0FF00h
    32 00000029 6601D8                  add AX, BX
    33                                  
    34 0000002C 66B868D4                mov AX,0D468h
    35 00000030 66BB982B                mov BX,02B98h
    36 00000034 6601D8                  add AX, BX
    37                                  
    38 00000037 66B80F70                mov AX,0700Fh
    39 0000003B 66BBF10F                mov BX,00FF1h
    40 0000003F 6601D8                  add AX, BX
    41                                  
    42 00000042 66B83412                mov AX,01234h
    43 00000046 66BB5476                mov BX,07654h
    44 0000004A 6601D8                  add AX, BX
    45                                  
    46 0000004D 66B80B0B                mov AX,00B0Bh
    47 00000051 66BB1EA1                mov BX,0A11Eh
    48 00000055 6601D8                  add AX, BX
    49                                  
    50 00000058 66B85476                mov AX,07654h
    51 0000005C 66BB9A78                mov BX,0789Ah
    52 00000060 6601D8                  add AX, BX
    53                                  
    54 00000063 66B8401F                mov AX,08000
    55 00000067 66BB401F                mov BX,08000
    56 0000006B 6601D8                  add AX, BX
    57                                  
    58                                  
    59                                  ; Normal termination code
    60 0000006E B801000000              mov eax, 1
    61 00000073 BB00000000              mov ebx, 0
    62 00000078 CD80                    int 80h
